#-----------------------------------------------------------
# Vivado v2024.2 (64-bit)
# SW Build 5239630 on Fri Nov 08 22:35:27 MST 2024
# IP Build 5239520 on Sun Nov 10 16:12:51 MST 2024
# SharedData Build 5239561 on Fri Nov 08 14:39:27 MST 2024
# Start of session at: Wed Oct 15 21:23:10 2025
# Process ID         : 20008
# Current directory  : H:/KavishkaJ/UOM/Sem 5/DSD/Assignments/FPU/FPU/FPU.runs/synth_1
# Command line       : vivado.exe -log fpu.vds -product Vivado -mode batch -messageDb vivado.pb -notrace -source fpu.tcl
# Log file           : H:/KavishkaJ/UOM/Sem 5/DSD/Assignments/FPU/FPU/FPU.runs/synth_1/fpu.vds
# Journal file       : H:/KavishkaJ/UOM/Sem 5/DSD/Assignments/FPU/FPU/FPU.runs/synth_1\vivado.jou
# Running On         : DESKTOP-FB1N93O
# Platform           : Windows Server 2016 or Windows 10
# Operating System   : 19045
# Processor Detail   : Intel(R) Core(TM) i5-10210U CPU @ 1.60GHz
# CPU Frequency      : 2112 MHz
# CPU Physical cores : 4
# CPU Logical cores  : 8
# Host memory        : 17009 MB
# Swap memory        : 5511 MB
# Total Virtual      : 22520 MB
# Available Virtual  : 3907 MB
#-----------------------------------------------------------
source fpu.tcl -notrace
